Performing C SOURCE FILE Test CMAKE_HAVE_LIBC_PTHREAD failed with the following output:
Change Dir: /home/dragon/hexapod/4WD-CAR-ROMA-ros2/src/motor_can_cpp/build/CMakeFiles/CMakeScratch/TryCompile-GVCrK8

Run Build Command(s):/usr/bin/make -f Makefile cmTC_e138a/fast && /usr/bin/make  -f CMakeFiles/cmTC_e138a.dir/build.make CMakeFiles/cmTC_e138a.dir/build
make[1]: Entering directory '/home/dragon/hexapod/4WD-CAR-ROMA-ros2/src/motor_can_cpp/build/CMakeFiles/CMakeScratch/TryCompile-GVCrK8'
Building C object CMakeFiles/cmTC_e138a.dir/src.c.o
/usr/bin/gcc -DCMAKE_HAVE_LIBC_PTHREAD   -o CMakeFiles/cmTC_e138a.dir/src.c.o -c /home/dragon/hexapod/4WD-CAR-ROMA-ros2/src/motor_can_cpp/build/CMakeFiles/CMakeScratch/TryCompile-GVCrK8/src.c
Linking C executable cmTC_e138a
/usr/bin/cmake -E cmake_link_script CMakeFiles/cmTC_e138a.dir/link.txt --verbose=1
/usr/bin/gcc CMakeFiles/cmTC_e138a.dir/src.c.o -o cmTC_e138a 
/usr/bin/ld: CMakeFiles/cmTC_e138a.dir/src.c.o: in function `main':
src.c:(.text+0x46): undefined reference to `pthread_create'
/usr/bin/ld: src.c:(.text+0x52): undefined reference to `pthread_detach'
/usr/bin/ld: src.c:(.text+0x5e): undefined reference to `pthread_cancel'
/usr/bin/ld: src.c:(.text+0x6f): undefined reference to `pthread_join'
collect2: error: ld returned 1 exit status
make[1]: *** [CMakeFiles/cmTC_e138a.dir/build.make:99: cmTC_e138a] Error 1
make[1]: Leaving directory '/home/dragon/hexapod/4WD-CAR-ROMA-ros2/src/motor_can_cpp/build/CMakeFiles/CMakeScratch/TryCompile-GVCrK8'
make: *** [Makefile:127: cmTC_e138a/fast] Error 2


Source file was:
#include <pthread.h>

static void* test_func(void* data)
{
  return data;
}

int main(void)
{
  pthread_t thread;
  pthread_create(&thread, NULL, test_func, NULL);
  pthread_detach(thread);
  pthread_cancel(thread);
  pthread_join(thread, NULL);
  pthread_atfork(NULL, NULL, NULL);
  pthread_exit(NULL);

  return 0;
}


Determining if the function pthread_create exists in the pthreads failed with the following output:
Change Dir: /home/dragon/hexapod/4WD-CAR-ROMA-ros2/src/motor_can_cpp/build/CMakeFiles/CMakeScratch/TryCompile-tCxUu7

Run Build Command(s):/usr/bin/make -f Makefile cmTC_be666/fast && /usr/bin/make  -f CMakeFiles/cmTC_be666.dir/build.make CMakeFiles/cmTC_be666.dir/build
make[1]: Entering directory '/home/dragon/hexapod/4WD-CAR-ROMA-ros2/src/motor_can_cpp/build/CMakeFiles/CMakeScratch/TryCompile-tCxUu7'
Building C object CMakeFiles/cmTC_be666.dir/CheckFunctionExists.c.o
/usr/bin/gcc   -DCHECK_FUNCTION_EXISTS=pthread_create -o CMakeFiles/cmTC_be666.dir/CheckFunctionExists.c.o -c /home/dragon/hexapod/4WD-CAR-ROMA-ros2/src/motor_can_cpp/build/CMakeFiles/CMakeScratch/TryCompile-tCxUu7/CheckFunctionExists.c
Linking C executable cmTC_be666
/usr/bin/cmake -E cmake_link_script CMakeFiles/cmTC_be666.dir/link.txt --verbose=1
/usr/bin/gcc  -DCHECK_FUNCTION_EXISTS=pthread_create CMakeFiles/cmTC_be666.dir/CheckFunctionExists.c.o -o cmTC_be666  -lpthreads 
/usr/bin/ld: cannot find -lpthreads
collect2: error: ld returned 1 exit status
make[1]: *** [CMakeFiles/cmTC_be666.dir/build.make:99: cmTC_be666] Error 1
make[1]: Leaving directory '/home/dragon/hexapod/4WD-CAR-ROMA-ros2/src/motor_can_cpp/build/CMakeFiles/CMakeScratch/TryCompile-tCxUu7'
make: *** [Makefile:127: cmTC_be666/fast] Error 2



