Performing C SOURCE FILE Test CMAKE_HAVE_LIBC_PTHREAD failed with the following output:
Change Dir: /home/dragon/hexapod/ljl_hexpod/build/CMakeFiles/CMakeScratch/TryCompile-uz38ha

Run Build Command(s):/usr/bin/make -f Makefile cmTC_7dc84/fast && /usr/bin/make  -f CMakeFiles/cmTC_7dc84.dir/build.make CMakeFiles/cmTC_7dc84.dir/build
make[1]: Entering directory '/home/dragon/hexapod/ljl_hexpod/build/CMakeFiles/CMakeScratch/TryCompile-uz38ha'
Building C object CMakeFiles/cmTC_7dc84.dir/src.c.o
/usr/bin/cc -DCMAKE_HAVE_LIBC_PTHREAD   -o CMakeFiles/cmTC_7dc84.dir/src.c.o -c /home/dragon/hexapod/ljl_hexpod/build/CMakeFiles/CMakeScratch/TryCompile-uz38ha/src.c
Linking C executable cmTC_7dc84
/usr/bin/cmake -E cmake_link_script CMakeFiles/cmTC_7dc84.dir/link.txt --verbose=1
/usr/bin/cc CMakeFiles/cmTC_7dc84.dir/src.c.o -o cmTC_7dc84 
/usr/bin/ld: CMakeFiles/cmTC_7dc84.dir/src.c.o: in function `main':
src.c:(.text+0x46): undefined reference to `pthread_create'
/usr/bin/ld: src.c:(.text+0x52): undefined reference to `pthread_detach'
/usr/bin/ld: src.c:(.text+0x5e): undefined reference to `pthread_cancel'
/usr/bin/ld: src.c:(.text+0x6f): undefined reference to `pthread_join'
collect2: error: ld returned 1 exit status
make[1]: *** [CMakeFiles/cmTC_7dc84.dir/build.make:99: cmTC_7dc84] Error 1
make[1]: Leaving directory '/home/dragon/hexapod/ljl_hexpod/build/CMakeFiles/CMakeScratch/TryCompile-uz38ha'
make: *** [Makefile:127: cmTC_7dc84/fast] Error 2


Source file was:
#include <pthread.h>

static void* test_func(void* data)
{
  return data;
}

int main(void)
{
  pthread_t thread;
  pthread_create(&thread, NULL, test_func, NULL);
  pthread_detach(thread);
  pthread_cancel(thread);
  pthread_join(thread, NULL);
  pthread_atfork(NULL, NULL, NULL);
  pthread_exit(NULL);

  return 0;
}


